// Vitest Snapshot v1

exports[`Test on <PublicRoutes /> > Should redirect to login page 1`] = `
<div>
  <div
    class="login-page"
  >
    <div
      class="card bg-light text-dark border-light"
    >
      <div
        class="card-body"
      >
        <form
          id="login-form"
        >
          <div
            class="text-dark mb-3"
          >
            <label
              class="form-label"
              for="email"
            >
              Email
            </label>
            <input
              autocomplete="off"
              class="form-control"
              data-testid="email"
              id="email"
              name="email"
              type="email"
              value="stan-lee@marvel.com"
            />
          </div>
          <div
            class="text-dark mb-3"
          >
            <label
              class="form-label"
              for="password"
            >
              Password
            </label>
            <input
              autocomplete="off"
              class="form-control"
              data-testid="password"
              id="password"
              name="password"
              type="password"
              value="secret-password"
            />
          </div>
          <div
            class="d-flex justify-content-end"
          >
            <button
              class="btn btn-secondary"
              type="submit"
            >
              Login
            </button>
          </div>
        </form>
      </div>
    </div>
  </div>
</div>
`;

exports[`Test on <PublicRoutes /> > Should show default page 1`] = `
<div>
  <div
    class="login-page"
  >
    <div
      class="card bg-light text-dark border-light"
    >
      <div
        class="card-body"
      >
        <form
          id="login-form"
        >
          <div
            class="text-dark mb-3"
          >
            <label
              class="form-label"
              for="email"
            >
              Email
            </label>
            <input
              autocomplete="off"
              class="form-control"
              data-testid="email"
              id="email"
              name="email"
              type="email"
              value="stan-lee@marvel.com"
            />
          </div>
          <div
            class="text-dark mb-3"
          >
            <label
              class="form-label"
              for="password"
            >
              Password
            </label>
            <input
              autocomplete="off"
              class="form-control"
              data-testid="password"
              id="password"
              name="password"
              type="password"
              value="secret-password"
            />
          </div>
          <div
            class="d-flex justify-content-end"
          >
            <button
              class="btn btn-secondary"
              type="submit"
            >
              Login
            </button>
          </div>
        </form>
      </div>
    </div>
  </div>
</div>
`;
